Last login: Fri Jun 12 08:15:30 on console
➜  ~  
➜  ~  
➜  ~  pwd
/Users/jennifersun
➜  ~  ls
Applications       Downloads          Music              exercism
Code               Dropbox            Pictures           git
Desktop            Library            Public             sunnifer.github.io
Documents          Movies             dev
➜  ~  cd code
➜  code git:(master) ✗ ls
README.md
commandLine.php
forLoop.php
gist78c990e82d71c5c04299-7e597f4f2c2cddea0f0645405e675654610b5997
php-test
php-test.php
test.php.gz
➜  code git:(master) ✗ cd dev
cd: no such file or directory: dev
➜  code git:(master) ✗ cd
➜  ~  ls
Applications       Downloads          Music              exercism
Code               Dropbox            Pictures           git
Desktop            Library            Public             sunnifer.github.io
Documents          Movies             dev
➜  ~  cd dev
➜  dev git:(master) ✗ ls
learningtogether
➜  dev git:(master) ✗ cd learningtogether 
➜  learningtogether git:(any-start-time) ✗ ls
README.md   assignments projects    sandbox
➜  learningtogether git:(any-start-time) ✗ cd sandbox 
➜  sandbox git:(master) ✗ ls
README.md                 conditionals-loops-arrays
assignment0               helloworld.php
➜  sandbox git:(master) ✗ ls
README.md                 conditionals-loops-arrays
assignment0               helloworld.php
➜  sandbox git:(master) ✗ cd
➜  ~  ls
Applications       Downloads          Music              exercism
Code               Dropbox            Pictures           git
Desktop            Library            Public             sunnifer.github.io
Documents          Movies             dev
➜  ~  cd dev
➜  dev git:(master) ✗ ls
learningtogether
➜  dev git:(master) ✗ cd learningtogether
➜  learningtogether git:(any-start-time) ✗ ls
README.md   assignments projects    sandbox
➜  learningtogether git:(any-start-time) ✗ cd assignments
➜  assignments git:(any-start-time) ✗ ls
conditionals-loops-arrays
➜  assignments git:(any-start-time) ✗ cd conditionals-loops-arrays 
➜  conditionals-loops-arrays git:(any-start-time) ✗ ls
1-bits.php               2-integer.php            2b-integer_time_test.php
➜  conditionals-loops-arrays git:(any-start-time) ✗ git status
On branch any-start-time
Changes not staged for commit:
  (use "git add <file>..." to update what will be committed)
  (use "git checkout -- <file>..." to discard changes in working directory)

	modified:   2-integer.php

Untracked files:
  (use "git add <file>..." to include in what will be committed)

	2b-integer_time_test.php

no changes added to commit (use "git add" and/or "git commit -a")
➜  conditionals-loops-arrays git:(any-start-time) ✗ git commit -a "update"
fatal: Paths with -a does not make sense.
➜  conditionals-loops-arrays git:(any-start-time) ✗ git commit -a
[any-start-time d451af0] update current files
 1 file changed, 6 insertions(+), 2 deletions(-)
➜  conditionals-loops-arrays git:(any-start-time) ✗ git status
On branch any-start-time
Untracked files:
  (use "git add <file>..." to include in what will be committed)

	2b-integer_time_test.php

nothing added to commit but untracked files present (use "git add" to track)
➜  conditionals-loops-arrays git:(any-start-time) ✗ git add 2b-integer_time_test.php
➜  conditionals-loops-arrays git:(any-start-time) ✗ git status
On branch any-start-time
Changes to be committed:
  (use "git reset HEAD <file>..." to unstage)

	new file:   2b-integer_time_test.php

➜  conditionals-loops-arrays git:(any-start-time) ✗ git commit -a
[any-start-time 53cbd05] update all
 1 file changed, 12 insertions(+)
 create mode 100644 assignments/conditionals-loops-arrays/2b-integer_time_test.php
➜  conditionals-loops-arrays git:(any-start-time) git status
On branch any-start-time
nothing to commit, working directory clean
➜  conditionals-loops-arrays git:(any-start-time) git origin push master
git: 'origin' is not a git command. See 'git --help'.
➜  conditionals-loops-arrays git:(any-start-time) git push origin master
To https://github.com/sunnifer/learningtogether.git
 ! [rejected]        master -> master (fetch first)
error: failed to push some refs to 'https://github.com/sunnifer/learningtogether.git'
hint: Updates were rejected because the remote contains work that you do
hint: not have locally. This is usually caused by another repository pushing
hint: to the same ref. You may want to first integrate the remote changes
hint: (e.g., 'git pull ...') before pushing again.
hint: See the 'Note about fast-forwards' in 'git push --help' for details.
➜  conditionals-loops-arrays git:(any-start-time) git pull origin master
remote: Counting objects: 9, done.
remote: Total 9 (delta 2), reused 2 (delta 2), pack-reused 7
Unpacking objects: 100% (9/9), done.
From https://github.com/sunnifer/learningtogether
 * branch            master     -> FETCH_HEAD
   9d10ad0..daf851a  master     -> origin/master
Merge made by the 'recursive' strategy.
 projects/analytics-dashboard/simplereach-api-test.txt | 1 +
 1 file changed, 1 insertion(+)
 create mode 100644 projects/analytics-dashboard/simplereach-api-test.txt
➜  conditionals-loops-arrays git:(any-start-time) git status
On branch any-start-time
nothing to commit, working directory clean
➜  conditionals-loops-arrays git:(any-start-time) git log
➜  conditionals-loops-arrays git:(any-start-time) git checkout branch
error: pathspec 'branch' did not match any file(s) known to git.
➜  conditionals-loops-arrays git:(any-start-time) git checkout any-start-time
Already on 'any-start-time'
➜  conditionals-loops-arrays git:(any-start-time) git checkout master
Switched to branch 'master'
Your branch is behind 'origin/master' by 4 commits, and can be fast-forwarded.
  (use "git pull" to update your local branch)
➜  conditionals-loops-arrays git:(master) git pull origin master
From https://github.com/sunnifer/learningtogether
 * branch            master     -> FETCH_HEAD
Updating 9d10ad0..daf851a
Fast-forward
 projects/analytics-dashboard/simplereach-api-test.txt | 1 +
 1 file changed, 1 insertion(+)
 create mode 100644 projects/analytics-dashboard/simplereach-api-test.txt
➜  conditionals-loops-arrays git:(master) git status
On branch master
Your branch is up-to-date with 'origin/master'.
nothing to commit, working directory clean
➜  conditionals-loops-arrays git:(master) git checkout master
Already on 'master'
Your branch is up-to-date with 'origin/master'.
➜  conditionals-loops-arrays git:(master) ls
1-bits.php    2-integer.php
➜  conditionals-loops-arrays git:(master) cd ..
➜  assignments git:(master) ls
conditionals-loops-arrays
➜  assignments git:(master) cd ..
➜  learningtogether git:(master) ls
README.md   assignments projects    sandbox
➜  learningtogether git:(master) cd projects
➜  projects git:(master) ls
analytics-dashboard njt_septa
➜  projects git:(master) cd analytics-dashboard 
➜  analytics-dashboard git:(master) ls
simplereach-api-test.txt
➜  analytics-dashboard git:(master) cd ..
➜  projects git:(master) cd ..
➜  learningtogether git:(master) ls
README.md   assignments projects    sandbox
➜  learningtogether git:(master) cd assignments 
➜  assignments git:(master) ls
conditionals-loops-arrays
➜  assignments git:(master) cd conditionals-loops-arrays 
➜  conditionals-loops-arrays git:(master) ls
1-bits.php    2-integer.php
➜  conditionals-loops-arrays git:(master) git checkout any-start-time 
Switched to branch 'any-start-time'
➜  conditionals-loops-arrays git:(any-start-time) ls
1-bits.php               2-integer.php            2b-integer_time_test.php
➜  conditionals-loops-arrays git:(any-start-time) git push origin master
Everything up-to-date
➜  conditionals-loops-arrays git:(any-start-time) git push origin head:master
Counting objects: 12, done.
Delta compression using up to 4 threads.
Compressing objects: 100% (12/12), done.
Writing objects: 100% (12/12), 1.30 KiB | 0 bytes/s, done.
Total 12 (delta 5), reused 0 (delta 0)
To https://github.com/sunnifer/learningtogether.git
   daf851a..b55a831  head -> master
➜  conditionals-loops-arrays git:(any-start-time) git log
➜  conditionals-loops-arrays git:(any-start-time) ls
1-bits.php               2-integer.php            2b-integer_time_test.php
➜  conditionals-loops-arrays git:(any-start-time) git checkout master
Switched to branch 'master'
Your branch is behind 'origin/master' by 3 commits, and can be fast-forwarded.
  (use "git pull" to update your local branch)
➜  conditionals-loops-arrays git:(master) git pull origin master
From https://github.com/sunnifer/learningtogether
 * branch            master     -> FETCH_HEAD
Updating daf851a..b55a831
Fast-forward
 assignments/conditionals-loops-arrays/2-integer.php          |  8 ++++++--
 .../conditionals-loops-arrays/2b-integer_time_test.php       | 12 ++++++++++++
 2 files changed, 18 insertions(+), 2 deletions(-)
 create mode 100644 assignments/conditionals-loops-arrays/2b-integer_time_test.php
➜  conditionals-loops-arrays git:(master) ls
1-bits.php               2-integer.php            2b-integer_time_test.php
➜  conditionals-loops-arrays git:(master) git checkout 3a
error: pathspec '3a' did not match any file(s) known to git.
➜  conditionals-loops-arrays git:(master) git branch -D any-start-time 
Deleted branch any-start-time (was b55a831).
➜  conditionals-loops-arrays git:(master) git push origin :any-start-time
error: unable to delete 'any-start-time': remote ref does not exist
error: failed to push some refs to 'https://github.com/sunnifer/learningtogether.git'
➜  conditionals-loops-arrays git:(master) git push origin master
Everything up-to-date
➜  conditionals-loops-arrays git:(master) git branch
* master
➜  conditionals-loops-arrays git:(master) git checkout -b assignment-branch
Switched to a new branch 'assignment-branch'
➜  conditionals-loops-arrays git:(assignment-branch) git push origin assignment-branch
Total 0 (delta 0), reused 0 (delta 0)
To https://github.com/sunnifer/learningtogether.git
 * [new branch]      assignment-branch -> assignment-branch
➜  conditionals-loops-arrays git:(assignment-branch) git branch     
* assignment-branch
  master
➜  conditionals-loops-arrays git:(assignment-branch) ls
1-bits.php               2-integer.php            2b-integer_time_test.php
➜  conditionals-loops-arrays git:(assignment-branch) atom 3a-drunk-walk
➜  conditionals-loops-arrays git:(assignment-branch) ls
1-bits.php               2b-integer_time_test.php
2-integer.php            3a-drunk-walk
➜  conditionals-loops-arrays git:(assignment-branch) ✗ mv 3a-drunk-walk 3a-drunk-walk.php
➜  conditionals-loops-arrays git:(assignment-branch) ✗ ls
1-bits.php               2b-integer_time_test.php
2-integer.php            3a-drunk-walk.php
➜  conditionals-loops-arrays git:(assignment-branch) ✗ php 3a-drunk-walk.php 1

Parse error: parse error in /Users/jennifersun/dev/learningtogether/assignments/conditionals-loops-arrays/3a-drunk-walk.php on line 13
➜  conditionals-loops-arrays git:(assignment-branch) ✗ php 3a-drunk-walk.php 1

Parse error: parse error, expecting `','' or `';'' in /Users/jennifersun/dev/learningtogether/assignments/conditionals-loops-arrays/3a-drunk-walk.php on line 37
➜  conditionals-loops-arrays git:(assignment-branch) ✗ php 3a-drunk-walk.php 1
➜  conditionals-loops-arrays git:(assignment-branch) ✗ php 3a-drunk-walk.php 1
➜  conditionals-loops-arrays git:(assignment-branch) ✗ mv 3a-drunk-walk 3a-drunk-walk.php
ls
mv: 3a-drunk-walk: No such file or directory
1-bits.php               2b-integer_time_test.php
2-integer.php            3a-drunk-walk.php
➜  conditionals-loops-arrays git:(assignment-branch) ✗ php 3a-drunk-walk.php 
200%                                                                            ➜  conditionals-loops-arrays git:(assignment-branch) ✗ php 3a-drunk-walk.php 1
1001%                                                                           ➜  conditionals-loops-arrays git:(assignment-branch) ✗ php 3a-drunk-walk.php 1
2
0
0
1
➜  conditionals-loops-arrays git:(assignment-branch) ✗ php 3a-drunk-walk.php 1
3
0
0
1
print_location%                                                                 ➜  conditionals-loops-arrays git:(assignment-branch) ✗ php 3a-drunk-walk.php 1
3
0
0
1

Warning: Missing argument 1 for print_location(), called in /Users/jennifersun/dev/learningtogether/assignments/conditionals-loops-arrays/3a-drunk-walk.php on line 48 and defined in /Users/jennifersun/dev/learningtogether/assignments/conditionals-loops-arrays/3a-drunk-walk.php on line 26

Warning: Missing argument 2 for print_location(), called in /Users/jennifersun/dev/learningtogether/assignments/conditionals-loops-arrays/3a-drunk-walk.php on line 48 and defined in /Users/jennifersun/dev/learningtogether/assignments/conditionals-loops-arrays/3a-drunk-walk.php on line 26
There's been some inexplicable error.(, )%                                      ➜  conditionals-loops-arrays git:(assignment-branch) ✗ php 3a-drunk-walk.php 1
4
1

Warning: Missing argument 1 for print_location(), called in /Users/jennifersun/dev/learningtogether/assignments/conditionals-loops-arrays/3a-drunk-walk.php on line 46 and defined in /Users/jennifersun/dev/learningtogether/assignments/conditionals-loops-arrays/3a-drunk-walk.php on line 22

Warning: Missing argument 2 for print_location(), called in /Users/jennifersun/dev/learningtogether/assignments/conditionals-loops-arrays/3a-drunk-walk.php on line 46 and defined in /Users/jennifersun/dev/learningtogether/assignments/conditionals-loops-arrays/3a-drunk-walk.php on line 22
There's been some inexplicable error.(0, 0)%                                    ➜  conditionals-loops-arrays git:(assignment-branch) ✗ php 3a-drunk-walk.php 1
1
1

Warning: Missing argument 1 for print_location(), called in /Users/jennifersun/dev/learningtogether/assignments/conditionals-loops-arrays/3a-drunk-walk.php on line 46 and defined in /Users/jennifersun/dev/learningtogether/assignments/conditionals-loops-arrays/3a-drunk-walk.php on line 22

Warning: Missing argument 2 for print_location(), called in /Users/jennifersun/dev/learningtogether/assignments/conditionals-loops-arrays/3a-drunk-walk.php on line 46 and defined in /Users/jennifersun/dev/learningtogether/assignments/conditionals-loops-arrays/3a-drunk-walk.php on line 22
There's been some inexplicable error.%                                          ➜  conditionals-loops-arrays git:(assignment-branch) ✗ php 3a-drunk-walk.php 1
2
1

Warning: Missing argument 1 for print_location(), called in /Users/jennifersun/dev/learningtogether/assignments/conditionals-loops-arrays/3a-drunk-walk.php on line 46 and defined in /Users/jennifersun/dev/learningtogether/assignments/conditionals-loops-arrays/3a-drunk-walk.php on line 22

Warning: Missing argument 2 for print_location(), called in /Users/jennifersun/dev/learningtogether/assignments/conditionals-loops-arrays/3a-drunk-walk.php on line 46 and defined in /Users/jennifersun/dev/learningtogether/assignments/conditionals-loops-arrays/3a-drunk-walk.php on line 22
There's been some inexplicable error.%                                          ➜  conditionals-loops-arrays git:(assignment-branch) ✗ php 3a-drunk-walk.php 1
1
1
There's been some inexplicable error.%                                          ➜  conditionals-loops-arrays git:(assignment-branch) ✗ php 3a-drunk-walk.php 1
1
1
There's been some inexplicable error.%                                          ➜  conditionals-loops-arrays git:(assignment-branch) ✗ php 3a-drunk-walk.php 2
1
2
There's been some inexplicable error.%                                          ➜  conditionals-loops-arrays git:(assignment-branch) ✗ php 3a-drunk-walk.php 2
3
2
There's been some inexplicable error.%                                          ➜  conditionals-loops-arrays git:(assignment-branch) ✗ php 3a-drunk-walk.php 2
2
2
There's been some inexplicable error.%                                          ➜  conditionals-loops-arrays git:(assignment-branch) ✗ php 3a-drunk-walk.php 2
2
2
➜  conditionals-loops-arrays git:(assignment-branch) ✗ php 3a-drunk-walk.php 2
3
2
➜  conditionals-loops-arrays git:(assignment-branch) ✗ php 3a-drunk-walk.php 2
2
2
➜  conditionals-loops-arrays git:(assignment-branch) ✗ php 3a-drunk-walk.php 2
2
2
test1%                                                                          ➜  conditionals-loops-arrays git:(assignment-branch) ✗ php 3a-drunk-walk.php 2
2
➜  conditionals-loops-arrays git:(assignment-branch) ✗ php 3a-drunk-walk.php 2
2
(0, 0)%                                                                         ➜  conditionals-loops-arrays git:(assignment-branch) ✗ php 3a-drunk-walk.php 2
2
(0, 0)%                                                                         ➜  conditionals-loops-arrays git:(assignment-branch) ✗ php 3a-drunk-walk.php 3
3
(0, 0)%                                                                         ➜  conditionals-loops-arrays git:(assignment-branch) ✗ php 3a-drunk-walk.php 3
3
0(0, 0)%                                                                        ➜  conditionals-loops-arrays git:(assignment-branch) ✗ php 3a-drunk-walk.php 3
3
-1(0, -1)%                                                                      ➜  conditionals-loops-arrays git:(assignment-branch) ✗ php 3a-drunk-walk.php 3
3
3
1(1, 0)%                                                                        ➜  conditionals-loops-arrays git:(assignment-branch) ✗ php 3a-drunk-walk.php 1 
1
4
-1(-1, 0)%                                                                      ➜  conditionals-loops-arrays git:(assignment-branch) ✗ php 3a-drunk-walk.php 1
1
1(0, 1)-1(0, -1)1%                                                              ➜  conditionals-loops-arrays git:(assignment-branch) ✗ php 3a-drunk-walk.php 1
1
1(1, 0)-1(-1, 0)
1%                                                                              ➜  conditionals-loops-arrays git:(assignment-branch) ✗ php 3a-drunk-walk.php 1
1
-1(0, -1)
1(1, 0)

0%                                                                              ➜  conditionals-loops-arrays git:(assignment-branch) ✗ php 3a-drunk-walk.php 1
1
-1(-1, 0)

0%                                                                              ➜  conditionals-loops-arrays git:(assignment-branch) ✗ php 3a-drunk-walk.php 1
1
1(1, 0)
0%                                                                              ➜  conditionals-loops-arrays git:(assignment-branch) ✗ php 3a-drunk-walk.php 2
2
1(0, 1)
1%                                                                              ➜  conditionals-loops-arrays git:(assignment-branch) ✗ php 3a-drunk-walk.php 2
2
1(0, 1)
2%                                                                              ➜  conditionals-loops-arrays git:(assignment-branch) ✗ php 3a-drunk-walk.php 2
2
-1(0, -1)
1%                                                                              ➜  conditionals-loops-arrays git:(assignment-branch) ✗ php 3a-drunk-walk.php 1
1
-1(0, -1)
0%                                                                              ➜  conditionals-loops-arrays git:(assignment-branch) ✗ php 3a-drunk-walk.php 3
3
1(1, 0)
2%                                                                              ➜  conditionals-loops-arrays git:(assignment-branch) ✗ php 3a-drunk-walk.php 2
2
1(1, 0)
-1(0, -1)
➜  conditionals-loops-arrays git:(assignment-branch) ✗ php 3a-drunk-walk.php 2
2
(1, 0)
(-1, 0)
➜  conditionals-loops-arrays git:(assignment-branch) ✗ php 3a-drunk-walk.php 2
(-1, 0)
(0, 1)
➜  conditionals-loops-arrays git:(assignment-branch) ✗ php 3a-drunk-walk.php 2
(0, 1)
(-1, 0)
0
➜  conditionals-loops-arrays git:(assignment-branch) ✗ php 3a-drunk-walk.php 2
(1, 0)
(-1, 0)
squared distance = %                                                            ➜  conditionals-loops-arrays git:(assignment-branch) ✗ php 3a-drunk-walk.php 2

Parse error: parse error in /Users/jennifersun/dev/learningtogether/assignments/conditionals-loops-arrays/3a-drunk-walk.php on line 50
➜  conditionals-loops-arrays git:(assignment-branch) ✗ php 3a-drunk-walk.php 2

Parse error: parse error in /Users/jennifersun/dev/learningtogether/assignments/conditionals-loops-arrays/3a-drunk-walk.php on line 47
➜  conditionals-loops-arrays git:(assignment-branch) ✗ php 3a-drunk-walk.php 2

Parse error: parse error in /Users/jennifersun/dev/learningtogether/assignments/conditionals-loops-arrays/3a-drunk-walk.php on line 50
➜  conditionals-loops-arrays git:(assignment-branch) ✗ php 3a-drunk-walk.php 2
(-1, 0)
(0, 1)
0squared distance = %                                                           ➜  conditionals-loops-arrays git:(assignment-branch) ✗ php 3a-drunk-walk.php 2
(0, -1)
(1, 0)
0squared distance = %                                                           ➜  conditionals-loops-arrays git:(assignment-branch) ✗ php 3a-drunk-walk.php 2
(0, 1)
(-1, 0)
0squared distance = %                                                           ➜  conditionals-loops-arrays git:(assignment-branch) ✗ php 3a-drunk-walk.php 5
(0, 1)
(0, 1)
(-1, 0)
(0, 1)
(0, 1)
0squared distance = %                                                           ➜  conditionals-loops-arrays git:(assignment-branch) ✗ php 3a-drunk-walk.php 5
(, -1)
(, 1)
(-1, )
(, 1)
(, -1)
0squared distance = %                                                           ➜  conditionals-loops-arrays git:(assignment-branch) ✗ php 3a-drunk-walk.php 5
0squared distance = %                                                           ➜  conditionals-loops-arrays git:(assignment-branch) ✗ php 3a-drunk-walk.php 5
(, )
(1, )
(, )
(, )
(1, )
0squared distance = %                                                           ➜  conditionals-loops-arrays git:(assignment-branch) ✗ 
